[yashadmin.dexignzone.com/xhtml/index-4.html]
[backblue.gif]
[fade.gif]
[index.html]
[yashadmin.dexignzone.com/xhtml/images/favicon.png]
[cdnjs.cloudflare.com/ajax/libs/noUiSlider/14.6.4/nouislider.min.css]
[cdn.datatables.net/buttons/1.6.4/css/buttons.dataTables.min.css]
[yashadmin.dexignzone.com/xhtml/images/pre.gif]
[yashadmin.dexignzone.com/xhtml/index.html]
[yashadmin.dexignzone.com/xhtml/images/avatar/1.jpg]
[yashadmin.dexignzone.com/xhtml/images/avatar/2.jpg]
[yashadmin.dexignzone.com/xhtml/images/avatar/3.jpg]
[yashadmin.dexignzone.com/xhtml/images/avatar/4.jpg]
[yashadmin.dexignzone.com/xhtml/images/avatar/5.jpg]
[yashadmin.dexignzone.com/xhtml/images/user.jpg]
[yashadmin.dexignzone.com/xhtml/app-profile-1.html]
[yashadmin.dexignzone.com/xhtml/app-profile-2.html]
[yashadmin.dexignzone.com/xhtml/page-login.html]
[yashadmin.dexignzone.com/xhtml/email-inbox.html]
[yashadmin.dexignzone.com/xhtml/index-2.html]
[yashadmin.dexignzone.com/xhtml/index-5.html]
[yashadmin.dexignzone.com/xhtml/index-3.html]
[yashadmin.dexignzone.com/xhtml/crm.html]
[yashadmin.dexignzone.com/xhtml/analytics.html]
[yashadmin.dexignzone.com/xhtml/products.html]
[yashadmin.dexignzone.com/xhtml/sales.html]
[yashadmin.dexignzone.com/xhtml/blog.html]
[yashadmin.dexignzone.com/xhtml/task.html]
[yashadmin.dexignzone.com/xhtml/project.html]
[yashadmin.dexignzone.com/xhtml/user.html]
[yashadmin.dexignzone.com/xhtml/edit-profile.html]
[yashadmin.dexignzone.com/xhtml/post-details.html]
[yashadmin.dexignzone.com/xhtml/email-compose.html]
[yashadmin.dexignzone.com/xhtml/email-read.html]
[yashadmin.dexignzone.com/xhtml/app-calender.html]
[yashadmin.dexignzone.com/xhtml/ecom-product-grid.html]
[yashadmin.dexignzone.com/xhtml/ecom-product-list.html]
[yashadmin.dexignzone.com/xhtml/ecom-product-detail.html]
[yashadmin.dexignzone.com/xhtml/ecom-product-order.html]
[yashadmin.dexignzone.com/xhtml/ecom-checkout.html]
[yashadmin.dexignzone.com/xhtml/ecom-invoice.html]
[yashadmin.dexignzone.com/xhtml/ecom-customers.html]
[yashadmin.dexignzone.com/xhtml/chart-flot.html]
[yashadmin.dexignzone.com/xhtml/chart-morris.html]
[yashadmin.dexignzone.com/xhtml/chart-chartjs.html]
[yashadmin.dexignzone.com/xhtml/chart-chartist.html]
[yashadmin.dexignzone.com/xhtml/chart-sparkline.html]
[yashadmin.dexignzone.com/xhtml/chart-peity.html]
[yashadmin.dexignzone.com/xhtml/ui-accordion.html]
[yashadmin.dexignzone.com/xhtml/ui-alert.html]
[yashadmin.dexignzone.com/xhtml/ui-badge.html]
[yashadmin.dexignzone.com/xhtml/ui-button.html]
[yashadmin.dexignzone.com/xhtml/ui-modal.html]
[yashadmin.dexignzone.com/xhtml/ui-button-group.html]
[yashadmin.dexignzone.com/xhtml/ui-list-group.html]
[yashadmin.dexignzone.com/xhtml/ui-card.html]
[yashadmin.dexignzone.com/xhtml/ui-carousel.html]
[yashadmin.dexignzone.com/xhtml/ui-dropdown.html]
[yashadmin.dexignzone.com/xhtml/ui-popover.html]
[yashadmin.dexignzone.com/xhtml/ui-progressbar.html]
[yashadmin.dexignzone.com/xhtml/ui-tab.html]
[yashadmin.dexignzone.com/xhtml/ui-typography.html]
[yashadmin.dexignzone.com/xhtml/ui-pagination.html]
[yashadmin.dexignzone.com/xhtml/ui-grid.html]
[yashadmin.dexignzone.com/xhtml/uc-select2.html]
[yashadmin.dexignzone.com/xhtml/uc-nestable.html]
[yashadmin.dexignzone.com/xhtml/uc-noui-slider.html]
[yashadmin.dexignzone.com/xhtml/uc-sweetalert.html]
[yashadmin.dexignzone.com/xhtml/uc-toastr.html]
[yashadmin.dexignzone.com/xhtml/map-jqvmap.html]
[yashadmin.dexignzone.com/xhtml/uc-lightgallery.html]
[yashadmin.dexignzone.com/xhtml/widget-basic.html]
[yashadmin.dexignzone.com/xhtml/form-element.html]
[yashadmin.dexignzone.com/xhtml/form-wizard.html]
[yashadmin.dexignzone.com/xhtml/form-ckeditor.html]
[yashadmin.dexignzone.com/xhtml/form-pickers.html]
[yashadmin.dexignzone.com/xhtml/form-validation.html]
[yashadmin.dexignzone.com/xhtml/table-bootstrap-basic.html]
[yashadmin.dexignzone.com/xhtml/table-datatable-basic.html]
[yashadmin.dexignzone.com/xhtml/page-register.html]
[yashadmin.dexignzone.com/xhtml/page-error-400.html]
[yashadmin.dexignzone.com/xhtml/page-error-403.html]
[yashadmin.dexignzone.com/xhtml/page-error-404.html]
[yashadmin.dexignzone.com/xhtml/page-error-500.html]
[yashadmin.dexignzone.com/xhtml/page-error-503.html]
[yashadmin.dexignzone.com/xhtml/page-lock-screen.html]
[yashadmin.dexignzone.com/xhtml/empty-page.html]
[yashadmin.dexignzone.com/xhtml/images/contacts/pic1.jpg]
[yashadmin.dexignzone.com/xhtml/images/contacts/pic555.jpg]
[yashadmin.dexignzone.com/xhtml/images/contacts/pic666.jpg]
[yashadmin.dexignzone.com/xhtml/images/contacts/pic2.jpg]
[yashadmin.dexignzone.com/xhtml/images/contacts/pic888.jpg]
[yashadmin.dexignzone.com/xhtml/images/contacts/pic777.jpg]
[yashadmin.dexignzone.com/xhtml/images/contacts/pic999.jpg]
[yashadmin.dexignzone.com/xhtml/index-4.html]
[yeshadmin.dexignzone.com/xhtml/social-image.html]
[yashadmin.dexignzone.com/xhtml/vendor/bootstrap-select/dist/css/bootstrap-select.min.css]
[yashadmin.dexignzone.com/xhtml/vendor/swiper/css/swiper-bundle.min.css]
[cdnjs.cloudflare.com/ajax/libs/noUiSlider/14.6.4/nouislider.min.css]
[yashadmin.dexignzone.com/xhtml/vendor/datatables/images/sort_both.png]
[yashadmin.dexignzone.com/xhtml/vendor/datatables/images/sort_asc.png]
[yashadmin.dexignzone.com/xhtml/vendor/datatables/images/sort_desc.png]
[yashadmin.dexignzone.com/xhtml/vendor/datatables/images/sort_asc_disabled.png]
[yashadmin.dexignzone.com/xhtml/vendor/datatables/images/sort_desc_disabled.png]
[yashadmin.dexignzone.com/xhtml/vendor/datatables/css/jquery.dataTables.min.css]
[cdn.datatables.net/buttons/1.6.4/css/buttons.dataTables.min.css]
[yashadmin.dexignzone.com/xhtml/vendor/bootstrap-datetimepicker/css/bootstrap-datetimepicker.min.css]
[yashadmin.dexignzone.com/xhtml/vendor/tagify/dist/tagify.css]
[yashadmin.dexignzone.com/xhtml/images/pattern/pattern5.png]
[yashadmin.dexignzone.com/xhtml/images/profile/cover.jpg]
[yashadmin.dexignzone.com/xhtml/images/crm-profile.jpg]
[yashadmin.dexignzone.com/xhtml/images/profile/12.jpg]
[yashadmin.dexignzone.com/xhtml/css/style.css]
[yashadmin.dexignzone.com/xhtml/chat.html]
[yashadmin.dexignzone.com/xhtml/images/rainbow.gif]
[yashadmin.dexignzone.com/xhtml/images/p1.gif]
[yashadmin.dexignzone.com/xhtml/images/p3.gif]
[yashadmin.dexignzone.com/xhtml/images/p.gif]
[yashadmin.dexignzone.com/xhtml/images/p2.gif]
[yashadmin.dexignzone.com/xhtml/index.html]
[yashadmin.dexignzone.com/xhtml/images/profile/profile.png]
[yashadmin.dexignzone.com/xhtml/images/profile/1.jpg]
[yashadmin.dexignzone.com/xhtml/images/profile/2.jpg]
[yashadmin.dexignzone.com/xhtml/images/profile/3.jpg]
[yashadmin.dexignzone.com/xhtml/images/profile/4.jpg]
[yashadmin.dexignzone.com/xhtml/images/profile/5.jpg]
[yashadmin.dexignzone.com/xhtml/images/profile/6.jpg]
[yashadmin.dexignzone.com/xhtml/images/profile/7.jpg]
[yashadmin.dexignzone.com/xhtml/images/profile/8.jpg]
[yashadmin.dexignzone.com/xhtml/images/profile/9.jpg]
[yashadmin.dexignzone.com/xhtml/app-profile-1.html]
[yashadmin.dexignzone.com/xhtml/images/user1.jpg]
[yashadmin.dexignzone.com/xhtml/images/contacts/pic3.jpg]
[yashadmin.dexignzone.com/xhtml/images/contacts/d4.jpg]
[yashadmin.dexignzone.com/xhtml/images/profile/friends/f3.jpg]
[yashadmin.dexignzone.com/xhtml/images/profile/friends/f2.jpg]
[yashadmin.dexignzone.com/xhtml/images/profile/friends/f4.jpg]
[yashadmin.dexignzone.com/xhtml/images/profile/friends/f1.jpg]
[yashadmin.dexignzone.com/xhtml/images/post/post1.jpg]
[yashadmin.dexignzone.com/xhtml/images/post/post11.jpg]
[yashadmin.dexignzone.com/xhtml/images/post/post12.jpg]
[yashadmin.dexignzone.com/xhtml/images/post/post2.jpg]
[yashadmin.dexignzone.com/xhtml/images/post/post13.jpg]
[yashadmin.dexignzone.com/xhtml/app-profile-2.html]
[yashadmin.dexignzone.com/xhtml/email-inbox.html]
[yashadmin.dexignzone.com/xhtml/images/background/bg6.jpg]
[yashadmin.dexignzone.com/xhtml/images/logo/logo-full.png]
[yashadmin.dexignzone.com/xhtml/images/logo/logofull-white.png]
[yashadmin.dexignzone.com/xhtml/page-login.html]
[yashadmin.dexignzone.com/xhtml/index-2.html]
[yashadmin.dexignzone.com/xhtml/images/uidesgn.png]
[yashadmin.dexignzone.com/xhtml/images/items.png]
[yashadmin.dexignzone.com/xhtml/images/windows.jpg]
[yashadmin.dexignzone.com/xhtml/images/budgeting.png]
[yashadmin.dexignzone.com/xhtml/images/os/p1.jpg]
[yashadmin.dexignzone.com/xhtml/images/os/p2.jpg]
[yashadmin.dexignzone.com/xhtml/images/os/p3.jpg]
[yashadmin.dexignzone.com/xhtml/images/os/p5.jpg]
[yashadmin.dexignzone.com/xhtml/index-3.html]
[yashadmin.dexignzone.com/xhtml/images/crm/dribble.png]
[yashadmin.dexignzone.com/xhtml/images/crm/facebook.png]
[yashadmin.dexignzone.com/xhtml/images/crm/instagram.png]
[yashadmin.dexignzone.com/xhtml/images/crm/linkedin.png]
[yashadmin.dexignzone.com/xhtml/images/crm/bing.png]
[yashadmin.dexignzone.com/xhtml/images/crm/twitter.png]
[yashadmin.dexignzone.com/xhtml/images/crm/whatsapp.png]
[yashadmin.dexignzone.com/xhtml/images/crm/pie-chart.png]
[yashadmin.dexignzone.com/xhtml/index-5.html]
[yashadmin.dexignzone.com/xhtml/images/crm/party-popper.png]
[yashadmin.dexignzone.com/xhtml/images/crm/Object.png]
[yashadmin.dexignzone.com/xhtml/images/crm/pinterest.png]
[cdnjs.cloudflare.com/ajax/libs/moment.js/2.29.4/moment.min.js]
[yashadmin.dexignzone.com/xhtml/crm.html]
[yashadmin.dexignzone.com/xhtml/images/analytics/developer_male.png]
[yashadmin.dexignzone.com/xhtml/images/analytics/sales.png]
[yashadmin.dexignzone.com/xhtml/images/analytics/shopping.png]
[yashadmin.dexignzone.com/xhtml/images/country/india.png]
[yashadmin.dexignzone.com/xhtml/images/country/canada.png]
[yashadmin.dexignzone.com/xhtml/images/country/china.png]
[yashadmin.dexignzone.com/xhtml/images/country/united-kingdom.png]
[yashadmin.dexignzone.com/xhtml/images/country/usa.png]
[yashadmin.dexignzone.com/xhtml/analytics.html]
[yashadmin.dexignzone.com/xhtml/images/contacts/d14.jpg]
[yashadmin.dexignzone.com/xhtml/images/contacts/d10.jpg]
[yashadmin.dexignzone.com/xhtml/images/contacts/d11.jpg]
[yashadmin.dexignzone.com/xhtml/images/contacts/d12.jpg]
[yashadmin.dexignzone.com/xhtml/images/contacts/d1.jpg]
[yashadmin.dexignzone.com/xhtml/products.html]
[yashadmin.dexignzone.com/xhtml/sales.html]
[yashadmin.dexignzone.com/xhtml/images/books.png]
[yashadmin.dexignzone.com/xhtml/images/news.png]
[yashadmin.dexignzone.com/xhtml/images/heart.png]
[yashadmin.dexignzone.com/xhtml/images/file.png]
[yashadmin.dexignzone.com/xhtml/images/blog/professional.jpg]
[yashadmin.dexignzone.com/xhtml/images/blog/professional2.jpg]
[yashadmin.dexignzone.com/xhtml/images/blog/s1.jpg]
[yashadmin.dexignzone.com/xhtml/images/blog/s2.jpg]
[yashadmin.dexignzone.com/xhtml/images/blog/s3.jpg]
[yashadmin.dexignzone.com/xhtml/images/blog/s4.jpg]
[yashadmin.dexignzone.com/xhtml/images/blog/s5.jpg]
[yashadmin.dexignzone.com/xhtml/images/blog/s6.jpg]
[yashadmin.dexignzone.com/xhtml/blog.html]
[yashadmin.dexignzone.com/xhtml/task.html]
[yashadmin.dexignzone.com/xhtml/project.html]
[yashadmin.dexignzone.com/xhtml/user.html]
[yashadmin.dexignzone.com/xhtml/edit-profile.html]
[yashadmin.dexignzone.com/xhtml/post-details.html]
[yashadmin.dexignzone.com/xhtml/email-compose.html]
[yashadmin.dexignzone.com/xhtml/email-read.html]
[yashadmin.dexignzone.com/xhtml/app-calender.html]
[yashadmin.dexignzone.com/xhtml/images/product/1.jpg]
[yashadmin.dexignzone.com/xhtml/images/product/2.jpg]
[yashadmin.dexignzone.com/xhtml/images/product/3.jpg]
[yashadmin.dexignzone.com/xhtml/images/product/4.jpg]
[yashadmin.dexignzone.com/xhtml/images/product/5.jpg]
[yashadmin.dexignzone.com/xhtml/images/product/6.jpg]
[yashadmin.dexignzone.com/xhtml/images/product/7.jpg]
[yashadmin.dexignzone.com/xhtml/ecom-product-grid.html]
[yashadmin.dexignzone.com/xhtml/ecom-product-list.html]
[yashadmin.dexignzone.com/xhtml/images/tab/1.jpg]
[yashadmin.dexignzone.com/xhtml/images/tab/2.jpg]
[yashadmin.dexignzone.com/xhtml/images/tab/3.jpg]
[yashadmin.dexignzone.com/xhtml/images/tab/4.jpg]
[yashadmin.dexignzone.com/xhtml/ecom-product-detail.html]
[yashadmin.dexignzone.com/xhtml/ecom-product-order.html]
[yashadmin.dexignzone.com/xhtml/ecom-checkout.html]
[yashadmin.dexignzone.com/xhtml/images/qr.png]
[yashadmin.dexignzone.com/xhtml/ecom-invoice.html]
[yashadmin.dexignzone.com/xhtml/images/avatar/5.png]
[yashadmin.dexignzone.com/xhtml/images/avatar/1.png]
[yashadmin.dexignzone.com/xhtml/ecom-customers.html]
[yashadmin.dexignzone.com/xhtml/chart-flot.html]
[yashadmin.dexignzone.com/xhtml/chart-morris.html]
[yashadmin.dexignzone.com/xhtml/chart-chartjs.html]
[yashadmin.dexignzone.com/xhtml/chart-chartist.html]
[yashadmin.dexignzone.com/xhtml/chart-sparkline.html]
[yashadmin.dexignzone.com/xhtml/chart-peity.html]
[yashadmin.dexignzone.com/xhtml/ui-accordion.html]
[yashadmin.dexignzone.com/xhtml/ui-alert.html]
[yashadmin.dexignzone.com/xhtml/ui-badge.html]
[yashadmin.dexignzone.com/xhtml/ui-button.html]
[yashadmin.dexignzone.com/xhtml/ui-modal.html]
[yashadmin.dexignzone.com/xhtml/ui-button-group.html]
[yashadmin.dexignzone.com/xhtml/ui-list-group.html]
[yashadmin.dexignzone.com/xhtml/images/card/1.png]
[yashadmin.dexignzone.com/xhtml/images/card/2.png]
[yashadmin.dexignzone.com/xhtml/images/card/3.png]
[yashadmin.dexignzone.com/xhtml/ui-card.html]
[yashadmin.dexignzone.com/xhtml/images/big/img1.jpg]
[yashadmin.dexignzone.com/xhtml/images/big/img2.jpg]
[yashadmin.dexignzone.com/xhtml/images/big/img3.jpg]
[yashadmin.dexignzone.com/xhtml/images/big/img4.jpg]
[yashadmin.dexignzone.com/xhtml/images/big/img5.jpg]
[yashadmin.dexignzone.com/xhtml/images/big/img6.jpg]
[yashadmin.dexignzone.com/xhtml/images/big/img7.jpg]
[yashadmin.dexignzone.com/xhtml/ui-carousel.html]
[yashadmin.dexignzone.com/xhtml/ui-dropdown.html]
[yashadmin.dexignzone.com/xhtml/ui-popover.html]
[yashadmin.dexignzone.com/xhtml/ui-progressbar.html]
[yashadmin.dexignzone.com/xhtml/ui-tab.html]
[yashadmin.dexignzone.com/xhtml/ui-typography.html]
[yashadmin.dexignzone.com/xhtml/ui-pagination.html]
[yashadmin.dexignzone.com/xhtml/ui-grid.html]
[yashadmin.dexignzone.com/xhtml/uc-select2.html]
[yashadmin.dexignzone.com/xhtml/uc-nestable.html]
[yashadmin.dexignzone.com/xhtml/uc-noui-slider.html]
[yashadmin.dexignzone.com/xhtml/uc-sweetalert.html]
[yashadmin.dexignzone.com/xhtml/uc-toastr.html]
[yashadmin.dexignzone.com/xhtml/map-jqvmap.html]
[yashadmin.dexignzone.com/xhtml/images/big/img8.jpg]
[yashadmin.dexignzone.com/xhtml/uc-lightgallery.html]
[yashadmin.dexignzone.com/xhtml/widget-basic.html]
[yashadmin.dexignzone.com/xhtml/form-element.html]
[yashadmin.dexignzone.com/xhtml/form-wizard.html]
[yashadmin.dexignzone.com/xhtml/form-ckeditor.html]
[yashadmin.dexignzone.com/xhtml/form-pickers.html]
[yashadmin.dexignzone.com/xhtml/form-validation.html]
[yashadmin.dexignzone.com/xhtml/table-bootstrap-basic.html]
[yashadmin.dexignzone.com/xhtml/images/profile/small/pic1.jpg]
[yashadmin.dexignzone.com/xhtml/images/profile/small/pic2.jpg]
[yashadmin.dexignzone.com/xhtml/images/profile/small/pic3.jpg]
[yashadmin.dexignzone.com/xhtml/images/profile/small/pic4.jpg]
[yashadmin.dexignzone.com/xhtml/images/profile/small/pic5.jpg]
[yashadmin.dexignzone.com/xhtml/images/profile/small/pic6.jpg]
[yashadmin.dexignzone.com/xhtml/images/profile/small/pic7.jpg]
[yashadmin.dexignzone.com/xhtml/images/profile/small/pic8.jpg]
[yashadmin.dexignzone.com/xhtml/images/profile/small/pic9.jpg]
[yashadmin.dexignzone.com/xhtml/images/profile/small/pic10.jpg]
[yashadmin.dexignzone.com/xhtml/table-datatable-basic.html]
[yashadmin.dexignzone.com/xhtml/images/bg.png]
[yashadmin.dexignzone.com/xhtml/page-register.html]
[yashadmin.dexignzone.com/xhtml/page-error-400.html]
[yashadmin.dexignzone.com/xhtml/page-error-403.html]
[yashadmin.dexignzone.com/xhtml/page-error-404.html]
[yashadmin.dexignzone.com/xhtml/page-error-500.html]
[yashadmin.dexignzone.com/xhtml/page-error-503.html]
[yashadmin.dexignzone.com/xhtml/page-lock-screen.html]
[yashadmin.dexignzone.com/xhtml/empty-page.html]
[yashadmin.dexignzone.com/xhtml/vendor/global/global.min.js]
[yashadmin.dexignzone.com/xhtml/vendor/chart.js/Chart.bundle.min.js]
[yashadmin.dexignzone.com/xhtml/vendor/bootstrap-select/dist/js/bootstrap-select.min.js]
[yashadmin.dexignzone.com/xhtml/vendor/apexchart/apexchart.js]
[yashadmin.dexignzone.com/xhtml/js/dashboard/dashboard-3.js]
[yashadmin.dexignzone.com/xhtml/vendor/datatables/js/jquery.dataTables.min.js]
[yashadmin.dexignzone.com/xhtml/vendor/datatables/js/dataTables.buttons.min.js]
[yashadmin.dexignzone.com/xhtml/vendor/datatables/js/buttons.html5.min.js]
[yashadmin.dexignzone.com/xhtml/vendor/datatables/js/jszip.min.js]
[yashadmin.dexignzone.com/xhtml/js/plugins-init/datatables.init.js]
[yashadmin.dexignzone.com/xhtml/vendor/bootstrap-datetimepicker/js/moment.js]
[yashadmin.dexignzone.com/xhtml/vendor/bootstrap-datetimepicker/js/bootstrap-datetimepicker.min.js]
[yashadmin.dexignzone.com/xhtml/js/custom.js]
[yashadmin.dexignzone.com/xhtml/js/deznav-init.js]
[yashadmin.dexignzone.com/xhtml/js/demo.js]
[yashadmin.dexignzone.com/xhtml/js/styleSwitcher.js]
[yashadmin.dexignzone.com/xhtml/icons/simple-line-icons/fonts/Simple-Line-Icons4c824c82.eot]
[yashadmin.dexignzone.com/xhtml/icons/simple-line-icons/fonts/Simple-Line-Iconsd41dd41d.eot]
[yashadmin.dexignzone.com/xhtml/icons/simple-line-icons/fonts/Simple-Line-Icons4c824c82.ttf]
[yashadmin.dexignzone.com/xhtml/icons/simple-line-icons/fonts/Simple-Line-Icons4c824c82.woff2]
[yashadmin.dexignzone.com/xhtml/icons/simple-line-icons/fonts/Simple-Line-Icons4c824c82.woff]
[yashadmin.dexignzone.com/xhtml/icons/simple-line-icons/css/simple-line-icons.css]
[yashadmin.dexignzone.com/xhtml/icons/fontawesome6/webfonts/fa-brands-400.woff2]
[yashadmin.dexignzone.com/xhtml/icons/fontawesome6/webfonts/fa-brands-400.ttf]
[yashadmin.dexignzone.com/xhtml/icons/fontawesome6/webfonts/fa-regular-400.woff2]
[yashadmin.dexignzone.com/xhtml/icons/fontawesome6/webfonts/fa-regular-400.ttf]
[yashadmin.dexignzone.com/xhtml/icons/fontawesome6/webfonts/fa-solid-900.woff2]
[yashadmin.dexignzone.com/xhtml/icons/fontawesome6/webfonts/fa-solid-900.ttf]
[yashadmin.dexignzone.com/xhtml/icons/fontawesome6/webfonts/fa-v4compatibility.woff2]
[yashadmin.dexignzone.com/xhtml/icons/fontawesome6/webfonts/fa-v4compatibility.ttf]
[yashadmin.dexignzone.com/xhtml/icons/fontawesome6/css/all.min.css]
[yashadmin.dexignzone.com/xhtml/icons/fontawesome/webfonts/fa-brands-400.woff2]
[yashadmin.dexignzone.com/xhtml/icons/fontawesome/webfonts/fa-brands-400.ttf]
[yashadmin.dexignzone.com/xhtml/icons/fontawesome/webfonts/fa-regular-400.woff2]
[yashadmin.dexignzone.com/xhtml/icons/fontawesome/webfonts/fa-regular-400.ttf]
[yashadmin.dexignzone.com/xhtml/icons/fontawesome/webfonts/fa-solid-900.woff2]
[yashadmin.dexignzone.com/xhtml/icons/fontawesome/webfonts/fa-solid-900.ttf]
[yashadmin.dexignzone.com/xhtml/icons/fontawesome/webfonts/fa-v4compatibility.woff2]
[yashadmin.dexignzone.com/xhtml/icons/fontawesome/webfonts/fa-v4compatibility.ttf]
[yashadmin.dexignzone.com/xhtml/icons/fontawesome/css/all.min.css]
[yashadmin.dexignzone.com/xhtml/icons/material-design-iconic-font/fonts/materialdesignicons-webfont683c.eot]
[yashadmin.dexignzone.com/xhtml/icons/material-design-iconic-font/fonts/materialdesignicons-webfontd41d.eot]
[yashadmin.dexignzone.com/xhtml/icons/material-design-iconic-font/fonts/materialdesignicons-webfont683c.woff2]
[yashadmin.dexignzone.com/xhtml/icons/material-design-iconic-font/fonts/materialdesignicons-webfont683c.woff]
[yashadmin.dexignzone.com/xhtml/icons/material-design-iconic-font/fonts/materialdesignicons-webfont683c.ttf]
[yashadmin.dexignzone.com/xhtml/icons/material-design-iconic-font/css/materialdesignicons.min.css]
[yashadmin.dexignzone.com/xhtml/icons/themify-icons/fonts/themify9f249f24.eot]
[yashadmin.dexignzone.com/xhtml/icons/themify-icons/fonts/themifyd41dd41d.eot]
[yashadmin.dexignzone.com/xhtml/icons/themify-icons/fonts/themify.woff]
[yashadmin.dexignzone.com/xhtml/icons/themify-icons/fonts/themify.ttf]
[yashadmin.dexignzone.com/xhtml/icons/themify-icons/css/themify-icons.css]
[yashadmin.dexignzone.com/xhtml/icons/line-awesome/fonts/la-brands-400.eot]
[yashadmin.dexignzone.com/xhtml/icons/line-awesome/fonts/la-brands-400d41d.eot]
[yashadmin.dexignzone.com/xhtml/icons/line-awesome/fonts/la-brands-400.woff2]
[yashadmin.dexignzone.com/xhtml/icons/line-awesome/fonts/la-brands-400.woff]
[yashadmin.dexignzone.com/xhtml/icons/line-awesome/fonts/la-brands-400.ttf]
[yashadmin.dexignzone.com/xhtml/icons/line-awesome/fonts/la-regular-400.eot]
[yashadmin.dexignzone.com/xhtml/icons/line-awesome/fonts/la-regular-400d41d.eot]
[yashadmin.dexignzone.com/xhtml/icons/line-awesome/fonts/la-regular-400.woff2]
[yashadmin.dexignzone.com/xhtml/icons/line-awesome/fonts/la-regular-400.woff]
[yashadmin.dexignzone.com/xhtml/icons/line-awesome/fonts/la-regular-400.ttf]
[yashadmin.dexignzone.com/xhtml/icons/line-awesome/fonts/la-solid-900.eot]
[yashadmin.dexignzone.com/xhtml/icons/line-awesome/fonts/la-solid-900d41d.eot]
[yashadmin.dexignzone.com/xhtml/icons/line-awesome/fonts/la-solid-900.woff2]
[yashadmin.dexignzone.com/xhtml/icons/line-awesome/fonts/la-solid-900.woff]
[yashadmin.dexignzone.com/xhtml/icons/line-awesome/fonts/la-solid-900.ttf]
[yashadmin.dexignzone.com/xhtml/icons/line-awesome/css/line-awesome.min.css]
[yashadmin.dexignzone.com/xhtml/icons/avasta/fonts/avasta.eot]
[yashadmin.dexignzone.com/xhtml/icons/avasta/fonts/avasta.woff2]
[yashadmin.dexignzone.com/xhtml/icons/avasta/fonts/avasta.woff]
[yashadmin.dexignzone.com/xhtml/icons/avasta/fonts/avasta.ttf]
[yashadmin.dexignzone.com/xhtml/icons/avasta/css/style.css]
[yashadmin.dexignzone.com/xhtml/icons/flaticon/Flaticon.eot]
[yashadmin.dexignzone.com/xhtml/icons/flaticon/Flaticond41d.eot]
[yashadmin.dexignzone.com/xhtml/icons/flaticon/Flaticon.woff]
[yashadmin.dexignzone.com/xhtml/icons/flaticon/Flaticon.ttf]
[yashadmin.dexignzone.com/xhtml/icons/flaticon/flaticon.css]
[yashadmin.dexignzone.com/xhtml/icons/flaticon_1/Flaticon_1.eot]
[yashadmin.dexignzone.com/xhtml/icons/flaticon_1/Flaticon_1d41d.eot]
[yashadmin.dexignzone.com/xhtml/icons/flaticon_1/Flaticon_1.woff2]
[yashadmin.dexignzone.com/xhtml/icons/flaticon_1/Flaticon_1.woff]
[yashadmin.dexignzone.com/xhtml/icons/flaticon_1/Flaticon_1.ttf]
[yashadmin.dexignzone.com/xhtml/icons/flaticon_1/flaticon_1.css]
[yashadmin.dexignzone.com/xhtml/icons/icomoon/fonts/icomoon.eot]
[yashadmin.dexignzone.com/xhtml/icons/icomoon/fonts/icomoon.ttf]
[yashadmin.dexignzone.com/xhtml/icons/icomoon/fonts/icomoon.woff]
[yashadmin.dexignzone.com/xhtml/icons/icomoon/icomoon.css]
[yashadmin.dexignzone.com/xhtml/icons/bootstrap-icons/font/fonts/bootstrap-iconse36a.woff2]
[yashadmin.dexignzone.com/xhtml/icons/bootstrap-icons/font/fonts/bootstrap-iconse36a.woff]
[yashadmin.dexignzone.com/xhtml/icons/bootstrap-icons/font/bootstrap-icons.css]
[yashadmin.dexignzone.com/xhtml/vendor/animate/animate.min.css]
[yashadmin.dexignzone.com/xhtml/vendor/aos/css/aos.min.css]
[yashadmin.dexignzone.com/xhtml/vendor/perfect-scrollbar/css/perfect-scrollbar.css]
[yashadmin.dexignzone.com/xhtml/vendor/metismenu/css/metisMenu.min.css]
[yashadmin.dexignzone.com/xhtml/images/contacts/d2.jpg]
[yashadmin.dexignzone.com/xhtml/images/chat/1.png]
[yashadmin.dexignzone.com/xhtml/images/chat/3.png]
[yashadmin.dexignzone.com/xhtml/images/chat/2.png]
[yashadmin.dexignzone.com/xhtml/images/chat/5.png]
[yashadmin.dexignzone.com/xhtml/images/chat/4.png]
[yashadmin.dexignzone.com/xhtml/images/chat/google-docs1.png]
[yashadmin.dexignzone.com/xhtml/images/chat/play-button1.png]
[yashadmin.dexignzone.com/xhtml/images/chat/music-notes1.png]
[yashadmin.dexignzone.com/xhtml/images/chat/pdf.png]
[yashadmin.dexignzone.com/xhtml/chat.html]
[yashadmin.dexignzone.com/xhtml/js/dashboard/dashboard-1.js]
[yashadmin.dexignzone.com/xhtml/vendor/draggable/draggable.js]
[yashadmin.dexignzone.com/xhtml/vendor/swiper/js/swiper-bundle.min.js]
[yashadmin.dexignzone.com/xhtml/vendor/tagify/dist/tagify.js]
[yashadmin.dexignzone.com/xhtml/vendor/jqvmap/js/jquery.vmap.min.js]
[yashadmin.dexignzone.com/xhtml/vendor/jqvmap/js/jquery.vmap.world.js]
[yashadmin.dexignzone.com/xhtml/vendor/jqvmap/js/jquery.vmap.usa.js]
[yashadmin.dexignzone.com/xhtml/vendor/lightgallery/fonts/lgd641.eot]
[yashadmin.dexignzone.com/xhtml/vendor/lightgallery/fonts/lgd41d.eot]
[yashadmin.dexignzone.com/xhtml/vendor/lightgallery/fonts/lgd641.woff]
[yashadmin.dexignzone.com/xhtml/vendor/lightgallery/fonts/lgd641.ttf]
[yashadmin.dexignzone.com/xhtml/vendor/lightgallery/img/vimeo-play.png]
[yashadmin.dexignzone.com/xhtml/vendor/lightgallery/img/video-play.png]
[yashadmin.dexignzone.com/xhtml/vendor/lightgallery/img/youtube-play.png]
[yashadmin.dexignzone.com/xhtml/vendor/lightgallery/img/loading.gif]
[yashadmin.dexignzone.com/xhtml/vendor/lightgallery/css/lightgallery.min.css]
[yashadmin.dexignzone.com/xhtml/vendor/jquery-nice-select/js/jquery.nice-select.min.js]
[yashadmin.dexignzone.com/xhtml/vendor/lightgallery/js/lightgallery-all.min.js]
[yashadmin.dexignzone.com/xhtml/vendor/dropzone/dist/dropzone.css]
[yashadmin.dexignzone.com/xhtml/vendor/dropzone/dist/dropzone.js]
[yashadmin.dexignzone.com/xhtml/vendor/peity/jquery.peity.min.js]
[yashadmin.dexignzone.com/xhtml/js/dashboard/dashboard-2.js]
[yashadmin.dexignzone.com/xhtml/js/dashboard/dashboard-4.js]
[yashadmin.dexignzone.com/xhtml/js/dashboard/crm.js]
[yashadmin.dexignzone.com/xhtml/js/dashboard/analytics.js]
[yashadmin.dexignzone.com/xhtml/vendor/jvmap/jquery-jvectormap.css]
[yashadmin.dexignzone.com/xhtml/js/dashboard/product.js]
[yashadmin.dexignzone.com/xhtml/js/dashboard/sales.js]
[yashadmin.dexignzone.com/xhtml/vendor/fullcalendar/css/main.min.css]
[yashadmin.dexignzone.com/xhtml/vendor/moment/moment.min.js]
[yashadmin.dexignzone.com/xhtml/vendor/fullcalendar/js/main.min.js]
[yashadmin.dexignzone.com/xhtml/js/plugins-init/fullcalendar-init.js]
[yashadmin.dexignzone.com/xhtml/vendor/star-rating/star-rating-svg.css]
[yashadmin.dexignzone.com/xhtml/vendor/star-rating/jquery.star-rating-svg.js]
[yashadmin.dexignzone.com/xhtml/vendor/highlightjs/highlight.pack.min.js]
[yashadmin.dexignzone.com/xhtml/vendor/flot/jquery.flot.js]
[yashadmin.dexignzone.com/xhtml/vendor/flot/jquery.flot.pie.js]
[yashadmin.dexignzone.com/xhtml/vendor/flot/jquery.flot.resize.js]
[yashadmin.dexignzone.com/xhtml/vendor/flot-spline/jquery.flot.spline.min.js]
[yashadmin.dexignzone.com/xhtml/js/plugins-init/flot-init.js]
[yashadmin.dexignzone.com/xhtml/vendor/raphael/raphael.min.js]
[yashadmin.dexignzone.com/xhtml/vendor/morris/morris.min.js]
[yashadmin.dexignzone.com/xhtml/js/plugins-init/morris-init.js]
[yashadmin.dexignzone.com/xhtml/js/plugins-init/chartjs-init.js]
[yashadmin.dexignzone.com/xhtml/vendor/chartist/css/chartist.min.css]
[yashadmin.dexignzone.com/xhtml/vendor/chartist/js/chartist.min.js]
[yashadmin.dexignzone.com/xhtml/vendor/chartist-plugin-tooltips/js/chartist-plugin-tooltip.min.js]
[yashadmin.dexignzone.com/xhtml/js/plugins-init/chartist-init.js]
[yashadmin.dexignzone.com/xhtml/vendor/jquery-sparkline/jquery.sparkline.min.js]
[yashadmin.dexignzone.com/xhtml/js/plugins-init/sparkline-init.js]
[yashadmin.dexignzone.com/xhtml/vendor/svganimation/vivus.min.js]
[yashadmin.dexignzone.com/xhtml/vendor/svganimation/svg.animation.js]
[yashadmin.dexignzone.com/xhtml/js/plugins-init/piety-init.js]
[yashadmin.dexignzone.com/xhtml/js/highlight.min.js]
[yashadmin.dexignzone.com/xhtml/vendor/select2/css/select2.min.css]
[yashadmin.dexignzone.com/xhtml/vendor/select2/js/select2.full.min.js]
[yashadmin.dexignzone.com/xhtml/js/plugins-init/select2-init.js]
[yashadmin.dexignzone.com/xhtml/vendor/nestable2/css/jquery.nestable.min.css]
[yashadmin.dexignzone.com/xhtml/vendor/nestable2/js/jquery.nestable.min.js]
[yashadmin.dexignzone.com/xhtml/js/plugins-init/nestable-init.js]
[yashadmin.dexignzone.com/xhtml/vendor/nouislider/nouislider.min.css]
[yashadmin.dexignzone.com/xhtml/vendor/nouislider/nouislider.min.js]
[yashadmin.dexignzone.com/xhtml/vendor/wnumb/wNumb.js]
[yashadmin.dexignzone.com/xhtml/js/plugins-init/nouislider-init.js]
[yashadmin.dexignzone.com/xhtml/vendor/sweetalert2/dist/sweetalert2.min.css]
[yashadmin.dexignzone.com/xhtml/vendor/sweetalert2/dist/sweetalert2.min.js]
[yashadmin.dexignzone.com/xhtml/js/plugins-init/sweetalert.init.js]
[yashadmin.dexignzone.com/xhtml/vendor/toastr/css/toastr.min.css]
[yashadmin.dexignzone.com/xhtml/vendor/toastr/js/toastr.min.js]
[yashadmin.dexignzone.com/xhtml/js/plugins-init/toastr-init.js]
[yashadmin.dexignzone.com/xhtml/vendor/jqvmap/css/jqvmap.min.css]
[yashadmin.dexignzone.com/xhtml/js/plugins-init/jqvmap-init.js]
[yashadmin.dexignzone.com/xhtml/js/plugins-init/widgets-script-init.js]
[yashadmin.dexignzone.com/xhtml/vendor/jquery-smartwizard/dist/css/smart_wizard.min.css]
[yashadmin.dexignzone.com/xhtml/vendor/jquery-steps/build/jquery.steps.min.js]
[yashadmin.dexignzone.com/xhtml/vendor/jquery-validation/jquery.validate.min.js]
[yashadmin.dexignzone.com/xhtml/js/plugins-init/jquery.validate-init.js]
[yashadmin.dexignzone.com/xhtml/vendor/jquery-smartwizard/dist/js/jquery.smartWizard.js]
[yashadmin.dexignzone.com/xhtml/vendor/ckeditor/ckeditor.js]
[yashadmin.dexignzone.com/xhtml/vendor/bootstrap-daterangepicker/daterangepicker.css]
[yashadmin.dexignzone.com/xhtml/vendor/clockpicker/css/bootstrap-clockpicker.min.css]
[yashadmin.dexignzone.com/xhtml/vendor/jquery-asColorPicker/images/transparent.png]
[yashadmin.dexignzone.com/xhtml/vendor/jquery-asColorPicker/images/saturation.png]
[yashadmin.dexignzone.com/xhtml/vendor/jquery-asColorPicker/images/hue.png]
[yashadmin.dexignzone.com/xhtml/vendor/jquery-asColorPicker/images/alpha.png]
[yashadmin.dexignzone.com/xhtml/vendor/jquery-asColorPicker/css/asColorPicker.min.css]
[yashadmin.dexignzone.com/xhtml/vendor/bootstrap-material-datetimepicker/css/bootstrap-material-datetimepicker.css]
[yashadmin.dexignzone.com/xhtml/vendor/pickadate/themes/default.css]
[yashadmin.dexignzone.com/xhtml/vendor/pickadate/themes/default.date.css]
[yashadmin.dexignzone.com/xhtml/vendor/bootstrap-daterangepicker/daterangepicker.js]
[yashadmin.dexignzone.com/xhtml/vendor/clockpicker/js/bootstrap-clockpicker.min.js]
[yashadmin.dexignzone.com/xhtml/vendor/jquery-asColor/jquery-asColor.min.js]
[yashadmin.dexignzone.com/xhtml/vendor/jquery-asGradient/jquery-asGradient.min.js]
[yashadmin.dexignzone.com/xhtml/vendor/jquery-asColorPicker/js/jquery-asColorPicker.min.js]
[yashadmin.dexignzone.com/xhtml/vendor/bootstrap-material-datetimepicker/js/bootstrap-material-datetimepicker.js]
[yashadmin.dexignzone.com/xhtml/vendor/pickadate/picker.js]
[yashadmin.dexignzone.com/xhtml/vendor/pickadate/picker.time.js]
[yashadmin.dexignzone.com/xhtml/vendor/pickadate/picker.date.js]
[yashadmin.dexignzone.com/xhtml/js/plugins-init/bs-daterange-picker-init.js]
[yashadmin.dexignzone.com/xhtml/js/plugins-init/clock-picker-init.js]
[yashadmin.dexignzone.com/xhtml/js/plugins-init/jquery-asColorPicker.init.js]
[yashadmin.dexignzone.com/xhtml/js/plugins-init/material-date-picker-init.js]
[yashadmin.dexignzone.com/xhtml/js/plugins-init/pickadate-init.js]
[yashadmin.dexignzone.com/xhtml/vendor/deznav/deznav.min.js]
[yashadmin.dexignzone.com/xhtml/Trident/index.html]
[yashadmin.dexignzone.com/xhtml/Edge/index.html]
[yashadmin.dexignzone.com/xhtml/icons/simple-line-icons/fonts/Simple-Line-Icons4c824c82.svg]
[yashadmin.dexignzone.com/xhtml/icons/material-design-iconic-font/fonts/materialdesignicons-webfont683c.svg]
[yashadmin.dexignzone.com/xhtml/icons/themify-icons/fonts/themify9f249f24.svg]
[yashadmin.dexignzone.com/xhtml/icons/line-awesome/fonts/la-brands-400.svg]
[yashadmin.dexignzone.com/xhtml/icons/line-awesome/fonts/la-regular-400.svg]
[yashadmin.dexignzone.com/xhtml/icons/line-awesome/fonts/la-solid-900.svg]
[yashadmin.dexignzone.com/xhtml/icons/avasta/fonts/avasta.svg]
[yashadmin.dexignzone.com/xhtml/icons/flaticon/Flaticon.svg]
[yashadmin.dexignzone.com/xhtml/icons/flaticon_1/Flaticon_1.svg]
[yashadmin.dexignzone.com/xhtml/icons/icomoon/fonts/icomoon.svg]
[yashadmin.dexignzone.com/xhtml/@yaireo/tagify/index.html]
[yashadmin.dexignzone.com/xhtml/vendor/lightgallery/fonts/lgd641.svg]
